###############################################################################
#
# IAR ELF Linker V7.50.2.10312/W32 for ARM                09/Mar/2016  15:29:30
# Copyright 2007-2015 IAR Systems AB.
#
#    Output file  =  
#        C:\Users\Arvid\Google Drive\Plugg\Inbyggda
#        system\Lab_Turtle\Turtle\EWARM\Turtle\Exe\Turtle.out
#    Map file     =  
#        C:\Users\Arvid\Google Drive\Plugg\Inbyggda
#        system\Lab_Turtle\Turtle\EWARM\Turtle\List\Turtle.map
#    Command line =  
#        "C:\Users\Arvid\Google Drive\Plugg\Inbyggda
#        system\Lab_Turtle\Turtle\EWARM\Turtle\Obj\gpio.o"
#        "C:\Users\Arvid\Google Drive\Plugg\Inbyggda
#        system\Lab_Turtle\Turtle\EWARM\Turtle\Obj\init.o"
#        "C:\Users\Arvid\Google Drive\Plugg\Inbyggda
#        system\Lab_Turtle\Turtle\EWARM\Turtle\Obj\interpreter.o"
#        "C:\Users\Arvid\Google Drive\Plugg\Inbyggda
#        system\Lab_Turtle\Turtle\EWARM\Turtle\Obj\main.o"
#        "C:\Users\Arvid\Google Drive\Plugg\Inbyggda
#        system\Lab_Turtle\Turtle\EWARM\Turtle\Obj\motor.o"
#        "C:\Users\Arvid\Google Drive\Plugg\Inbyggda
#        system\Lab_Turtle\Turtle\EWARM\Turtle\Obj\split.o"
#        "C:\Users\Arvid\Google Drive\Plugg\Inbyggda
#        system\Lab_Turtle\Turtle\EWARM\Turtle\Obj\startup_stm32f303xc.o"
#        "C:\Users\Arvid\Google Drive\Plugg\Inbyggda
#        system\Lab_Turtle\Turtle\EWARM\Turtle\Obj\stm32f3xx_hal.o"
#        "C:\Users\Arvid\Google Drive\Plugg\Inbyggda
#        system\Lab_Turtle\Turtle\EWARM\Turtle\Obj\stm32f3xx_hal_cortex.o"
#        "C:\Users\Arvid\Google Drive\Plugg\Inbyggda
#        system\Lab_Turtle\Turtle\EWARM\Turtle\Obj\stm32f3xx_hal_dma.o"
#        "C:\Users\Arvid\Google Drive\Plugg\Inbyggda
#        system\Lab_Turtle\Turtle\EWARM\Turtle\Obj\stm32f3xx_hal_flash.o"
#        "C:\Users\Arvid\Google Drive\Plugg\Inbyggda
#        system\Lab_Turtle\Turtle\EWARM\Turtle\Obj\stm32f3xx_hal_flash_ex.o"
#        "C:\Users\Arvid\Google Drive\Plugg\Inbyggda
#        system\Lab_Turtle\Turtle\EWARM\Turtle\Obj\stm32f3xx_hal_gpio.o"
#        "C:\Users\Arvid\Google Drive\Plugg\Inbyggda
#        system\Lab_Turtle\Turtle\EWARM\Turtle\Obj\stm32f3xx_hal_msp.o"
#        "C:\Users\Arvid\Google Drive\Plugg\Inbyggda
#        system\Lab_Turtle\Turtle\EWARM\Turtle\Obj\stm32f3xx_hal_pwr.o"
#        "C:\Users\Arvid\Google Drive\Plugg\Inbyggda
#        system\Lab_Turtle\Turtle\EWARM\Turtle\Obj\stm32f3xx_hal_pwr_ex.o"
#        "C:\Users\Arvid\Google Drive\Plugg\Inbyggda
#        system\Lab_Turtle\Turtle\EWARM\Turtle\Obj\stm32f3xx_hal_rcc.o"
#        "C:\Users\Arvid\Google Drive\Plugg\Inbyggda
#        system\Lab_Turtle\Turtle\EWARM\Turtle\Obj\stm32f3xx_hal_rcc_ex.o"
#        "C:\Users\Arvid\Google Drive\Plugg\Inbyggda
#        system\Lab_Turtle\Turtle\EWARM\Turtle\Obj\stm32f3xx_hal_rtc.o"
#        "C:\Users\Arvid\Google Drive\Plugg\Inbyggda
#        system\Lab_Turtle\Turtle\EWARM\Turtle\Obj\stm32f3xx_hal_rtc_ex.o"
#        "C:\Users\Arvid\Google Drive\Plugg\Inbyggda
#        system\Lab_Turtle\Turtle\EWARM\Turtle\Obj\stm32f3xx_hal_tim.o"
#        "C:\Users\Arvid\Google Drive\Plugg\Inbyggda
#        system\Lab_Turtle\Turtle\EWARM\Turtle\Obj\stm32f3xx_hal_tim_ex.o"
#        "C:\Users\Arvid\Google Drive\Plugg\Inbyggda
#        system\Lab_Turtle\Turtle\EWARM\Turtle\Obj\stm32f3xx_hal_uart.o"
#        "C:\Users\Arvid\Google Drive\Plugg\Inbyggda
#        system\Lab_Turtle\Turtle\EWARM\Turtle\Obj\stm32f3xx_hal_uart_ex.o"
#        "C:\Users\Arvid\Google Drive\Plugg\Inbyggda
#        system\Lab_Turtle\Turtle\EWARM\Turtle\Obj\stm32f3xx_it.o"
#        "C:\Users\Arvid\Google Drive\Plugg\Inbyggda
#        system\Lab_Turtle\Turtle\EWARM\Turtle\Obj\system_stm32f3xx.o"
#        "C:\Users\Arvid\Google Drive\Plugg\Inbyggda
#        system\Lab_Turtle\Turtle\EWARM\Turtle\Obj\tim.o"
#        "C:\Users\Arvid\Google Drive\Plugg\Inbyggda
#        system\Lab_Turtle\Turtle\EWARM\Turtle\Obj\uart_handler.o"
#        "C:\Users\Arvid\Google Drive\Plugg\Inbyggda
#        system\Lab_Turtle\Turtle\EWARM\Turtle\Obj\usart.o" --redirect
#        _Printf=_PrintfFull --redirect _Scanf=_ScanfFull -o
#        "C:\Users\Arvid\Google Drive\Plugg\Inbyggda
#        system\Lab_Turtle\Turtle\EWARM\Turtle\Exe\Turtle.out" --map
#        "C:\Users\Arvid\Google Drive\Plugg\Inbyggda
#        system\Lab_Turtle\Turtle\EWARM\Turtle\List\Turtle.map" --config
#        "C:\Program Files (x86)\IAR Systems\Embedded Workbench
#        7.3\arm\config\linker\ST\stm32f303xC.icf" --semihosting --entry
#        __iar_program_start --vfe
#
###############################################################################

*******************************************************************************
*** RUNTIME MODEL ATTRIBUTES
***

CppFlavor                     = *
__Heap_Handler                = Basic
__SystemLibrary               = DLib
__dlib_dynamic_initialization = normal


*******************************************************************************
*** PLACEMENT SUMMARY
***

"A1":  place at 0x08000000 { ro section .intvec };
"P1":  place in [from 0x08000000 to 0x0803ffff] { ro };
"P2":  place in [from 0x20000000 to 0x20009fff] { rw, block CSTACK, block HEAP };

  Section             Kind        Address    Size  Object
  -------             ----        -------    ----  ------
"A1":                                       0x188
  .intvec             ro code  0x08000000   0x188  startup_stm32f303xc.o [1]
                             - 0x08000188   0x188

"P1":                                      0x4f1e
  .text               ro code  0x08000188  0x1166  xprintffull.o [3]
  .text               ro code  0x080012ee    0x20  xmbtowc.o [3]
  .text               ro code  0x08001310    0x16  strchr.o [5]
  .text               ro code  0x08001328    0x36  strlen.o [5]
  .text               ro code  0x08001360    0x58  memchr.o [5]
  .text               ro code  0x080013b8     0xa  xmbcurmax.o [3]
  .text               ro code  0x080013c4    0xb0  xxmemxmalloc.o [3]
  .text               ro code  0x08001474    0x1a  xwctomb.o [3]
  .text               ro code  0x08001490    0x76  ABImemcpy_unaligned.o [5]
  .text               ro code  0x08001508    0x80  xxmemxfree.o [3]
  .text               ro code  0x08001588    0xee  I64DivMod.o [5]
  .text               ro code  0x08001676    0x42  xdnorm.o [4]
  .text               ro code  0x080016b8    0x2e  DblCmpLe.o [4]
  .text               ro code  0x080016e8    0x2e  DblCmpGe.o [4]
  .text               ro code  0x08001718   0x114  xdscale.o [4]
  .text               ro code  0x0800182c    0x58  DblToI32.o [4]
  .text               ro code  0x08001884    0x30  I32ToDbl.o [4]
  .text               ro code  0x080018b4   0x180  DblSub.o [4]
  .text               ro code  0x08001a34   0x1a2  DblMul.o [4]
  .text               ro code  0x08001bd8   0x256  DblDiv.o [4]
  .text               ro code  0x08001e30    0x6c  localeconv.o [3]
  .text               ro code  0x08001e9c     0xe  div.o [3]
  .text               ro code  0x08001eac    0x24  setlocale.o [3]
  .text               ro code  0x08001ed0    0x60  xencoding_sb.o [3]
  .text               ro code  0x08001f30    0x2c  xgetmemchunk.o [3]
  .text               ro code  0x08001f5c     0x2  I64DivZer.o [5]
  .text               ro code  0x08001f60    0xe8  DblAdd.o [4]
  .text               ro code  0x08002048     0x2  xtls.o [3]
  .text               ro code  0x0800204c   0x6b2  stm32f3xx_hal_uart.o [1]
  .text               ro code  0x08002700    0x8c  usart.o [1]
  .text               ro code  0x0800278c    0xec  uart_handler.o [1]
  .text               ro code  0x08002878     0x2  stm32f3xx_hal_uart_ex.o [1]
  .text               ro code  0x0800287c   0x564  stm32f3xx_hal_rcc.o [1]
  .text               ro code  0x08002de0    0x74  stm32f3xx_hal.o [1]
  .text               ro code  0x08002e54   0x1ac  stm32f3xx_hal_gpio.o [1]
  .text               ro code  0x08003000    0xe2  stm32f3xx_hal_cortex.o [1]
  .text               ro code  0x080030e4    0x24  printf.o [3]
  .text               ro code  0x08003108    0x30  stm32f3xx_hal_msp.o [1]
  .text               ro code  0x08003138   0x4b4  stm32f3xx_hal_tim.o [1]
  .text               ro code  0x080035ec    0xe4  tim.o [1]
  .text               ro code  0x080036d0   0x236  stm32f3xx_hal_tim_ex.o [1]
  .text               ro code  0x08003908   0x1e4  interpreter.o [1]
  .text               ro code  0x08003aec    0x46  split.o [1]
  .text               ro code  0x08003b34    0x42  strcmp_unaligned.o [5]
  .text               ro code  0x08003b78   0x176  motor.o [1]
  .text               ro code  0x08003cf0   0x198  xstoul.o [3]
  .text               ro code  0x08003e88     0x6  ABImemclr4.o [5]
  .text               ro code  0x08003e8e    0x1c  strcat.o [3]
  .text               ro code  0x08003eac   0x188  realloc.o [3]
  .text               ro code  0x08004034    0x4c  strtok.o [3]
  .text               ro code  0x08004080    0x4c  round.o [4]
  .text               ro code  0x080040cc    0x14  isxxx.o [3]
  .text               ro code  0x080040e0    0x14  tolower.o [3]
  .text               ro code  0x080040f4     0xc  errno.o [3]
  .text               ro code  0x08004100    0x32  ABImemset48.o [5]
  .text               ro code  0x08004134    0x78  ABImemmove_unaligned.o [5]
  .text               ro code  0x080041ac    0x22  strspn.o [3]
  .text               ro code  0x080041ce    0x22  strcspn.o [3]
  .text               ro code  0x080041f0    0x7a  xdint.o [4]
  .text               ro code  0x0800426a    0x14  xlocale_c.o [3]
  .text               ro code  0x0800427e     0xc  xlocale_c.o [3]
  .text               ro code  0x0800428c   0x194  stm32f3xx_hal_rcc_ex.o [1]
  .text               ro code  0x08004420   0x16a  gpio.o [1]
  .text               ro code  0x0800458c    0xe0  XShHandles.o [3]
  .text               ro code  0x0800466c    0xd6  xfspos.o [3]
  .text               ro code  0x08004744    0xb0  fflush.o [3]
  .text               ro code  0x080047f4     0xa  xfgpos.o [3]
  .text               ro code  0x080047fe    0x4c  lseek.o [6]
  .text               ro code  0x0800484a     0x4  xsyslock_nop.o [3]
  .text               ro code  0x0800484e    0x10  write.o [6]
  .text               ro code  0x0800485e    0x1e  dwrite.o [6]
  .text               ro code  0x0800487c    0x20  iarwstd.o [6]
  .text               ro code  0x0800489c    0x22  iarwrite.o [6]
  .text               ro code  0x080048c0    0x6c  iarttio.o [6]
  .text               ro code  0x0800492c     0x8  XShttio.o [3]
  .text               ro code  0x08004934    0xb6  xfwprep.o [3]
  .text               ro code  0x080049ea    0x22  fseek.o [3]
  .text               ro code  0x08004a0c    0x7c  xfofind.o [3]
  .text               ro code  0x08004a88    0x7a  fclose.o [3]
  .text               ro code  0x08004b02    0x1a  close.o [6]
  .text               ro code  0x08004b1c    0x16  remove.o [6]
  .text               ro code  0x08004b32    0x76  init.o [1]
  .text               ro code  0x08004ba8    0x74  main.o [1]
  .text               ro code  0x08004c1c    0x6c  system_stm32f3xx.o [1]
  .text               ro code  0x08004c88    0x58  xcloseall.o [3]
  .text               ro code  0x08004ce0    0x56  fputc.o [3]
  .text               ro code  0x08004d36    0x40  zero_init3.o [5]
  .text               ro code  0x08004d76    0x38  packbits_init_single.o [5]
  .text               ro code  0x08004db0    0x28  data_init.o [5]
  .rodata             const    0x08004dd8    0x24  interpreter.o [1]
  .text               ro code  0x08004dfc    0x24  stm32f3xx_it.o [1]
  .text               ro code  0x08004e20    0x22  fpinit_M.o [4]
  .iar.init_table     const    0x08004e44    0x20  - Linker created -
  .text               ro code  0x08004e64    0x1a  cmain.o [5]
  .text               ro code  0x08004e7e     0x4  low_level_init.o [3]
  .text               ro code  0x08004e82     0x4  exit.o [3]
  .text               ro code  0x08004e88     0xe  cexit.o [5]
  .text               ro code  0x08004e98    0x14  exit.o [6]
  .text               ro code  0x08004eac    0x16  xprout.o [3]
  .text               ro code  0x08004ec4     0xc  putchar.o [3]
  .text               ro code  0x08004ed0    0x10  startup_stm32f303xc.o [1]
  .text               ro code  0x08004ee0     0xc  cstartup_M.o [5]
  .text               ro code  0x08004eec     0x4  startup_stm32f303xc.o [1]
  .text               ro code  0x08004ef0     0x4  startup_stm32f303xc.o [1]
  .text               ro code  0x08004ef4     0x4  startup_stm32f303xc.o [1]
  .text               ro code  0x08004ef8     0x4  startup_stm32f303xc.o [1]
  .text               ro code  0x08004efc     0x4  startup_stm32f303xc.o [1]
  .text               ro code  0x08004f00     0x4  startup_stm32f303xc.o [1]
  .text               ro code  0x08004f04     0x4  startup_stm32f303xc.o [1]
  .text               ro code  0x08004f08     0x4  startup_stm32f303xc.o [1]
  .text               ro code  0x08004f0c     0x4  startup_stm32f303xc.o [1]
  .text               ro code  0x08004f10     0x4  startup_stm32f303xc.o [1]
  .text               ro code  0x08004f14     0x4  startup_stm32f303xc.o [1]
  .text               ro code  0x08004f18     0x4  startup_stm32f303xc.o [1]
  .text               ro code  0x08004f1c     0x4  startup_stm32f303xc.o [1]
  .text               ro code  0x08004f20     0x4  startup_stm32f303xc.o [1]
  .text               ro code  0x08004f24     0x4  startup_stm32f303xc.o [1]
  .text               ro code  0x08004f28     0x4  startup_stm32f303xc.o [1]
  .text               ro code  0x08004f2c     0x4  startup_stm32f303xc.o [1]
  .text               ro code  0x08004f30     0x4  startup_stm32f303xc.o [1]
  .text               ro code  0x08004f34     0x4  startup_stm32f303xc.o [1]
  .text               ro code  0x08004f38     0x4  startup_stm32f303xc.o [1]
  .text               ro code  0x08004f3c     0x4  startup_stm32f303xc.o [1]
  .text               ro code  0x08004f40     0x4  startup_stm32f303xc.o [1]
  .text               ro code  0x08004f44     0x4  startup_stm32f303xc.o [1]
  .text               ro code  0x08004f48     0x4  startup_stm32f303xc.o [1]
  .text               ro code  0x08004f4c     0x4  startup_stm32f303xc.o [1]
  .text               ro code  0x08004f50     0x4  startup_stm32f303xc.o [1]
  .text               ro code  0x08004f54     0x4  startup_stm32f303xc.o [1]
  .text               ro code  0x08004f58     0x4  startup_stm32f303xc.o [1]
  .text               ro code  0x08004f5c     0x4  startup_stm32f303xc.o [1]
  .text               ro code  0x08004f60     0x4  startup_stm32f303xc.o [1]
  .text               ro code  0x08004f64     0x4  startup_stm32f303xc.o [1]
  .text               ro code  0x08004f68     0x4  startup_stm32f303xc.o [1]
  .text               ro code  0x08004f6c     0x4  startup_stm32f303xc.o [1]
  .text               ro code  0x08004f70     0x4  startup_stm32f303xc.o [1]
  .text               ro code  0x08004f74     0x4  startup_stm32f303xc.o [1]
  .text               ro code  0x08004f78     0x4  startup_stm32f303xc.o [1]
  .text               ro code  0x08004f7c     0x4  startup_stm32f303xc.o [1]
  .text               ro code  0x08004f80     0x4  startup_stm32f303xc.o [1]
  .text               ro code  0x08004f84     0x4  startup_stm32f303xc.o [1]
  .text               ro code  0x08004f88     0x4  startup_stm32f303xc.o [1]
  .text               ro code  0x08004f8c     0x4  startup_stm32f303xc.o [1]
  .text               ro code  0x08004f90     0x4  startup_stm32f303xc.o [1]
  .text               ro code  0x08004f94     0x4  startup_stm32f303xc.o [1]
  .text               ro code  0x08004f98     0x4  startup_stm32f303xc.o [1]
  .text               ro code  0x08004f9c     0x4  startup_stm32f303xc.o [1]
  .text               ro code  0x08004fa0     0x4  startup_stm32f303xc.o [1]
  .text               ro code  0x08004fa4     0x4  startup_stm32f303xc.o [1]
  .text               ro code  0x08004fa8     0x4  startup_stm32f303xc.o [1]
  .text               ro code  0x08004fac     0x4  startup_stm32f303xc.o [1]
  .text               ro code  0x08004fb0     0x4  startup_stm32f303xc.o [1]
  .text               ro code  0x08004fb4     0x4  startup_stm32f303xc.o [1]
  .text               ro code  0x08004fb8     0x4  startup_stm32f303xc.o [1]
  .text               ro code  0x08004fbc     0x4  startup_stm32f303xc.o [1]
  .text               ro code  0x08004fc0     0x4  startup_stm32f303xc.o [1]
  .text               ro code  0x08004fc4     0x4  startup_stm32f303xc.o [1]
  .text               ro code  0x08004fc8     0x4  startup_stm32f303xc.o [1]
  .text               ro code  0x08004fcc     0x4  startup_stm32f303xc.o [1]
  .text               ro code  0x08004fd0     0x4  startup_stm32f303xc.o [1]
  .text               ro code  0x08004fd4     0x4  startup_stm32f303xc.o [1]
  .text               ro code  0x08004fd8     0x4  startup_stm32f303xc.o [1]
  .text               ro code  0x08004fdc     0x4  startup_stm32f303xc.o [1]
  .text               ro code  0x08004fe0     0x4  startup_stm32f303xc.o [1]
  .text               ro code  0x08004fe4     0x4  startup_stm32f303xc.o [1]
  .text               ro code  0x08004fe8     0x4  startup_stm32f303xc.o [1]
  .text               ro code  0x08004fec     0x4  startup_stm32f303xc.o [1]
  .text               ro code  0x08004ff0     0x4  startup_stm32f303xc.o [1]
  .text               ro code  0x08004ff4     0x4  startup_stm32f303xc.o [1]
  .text               ro code  0x08004ff8     0x4  startup_stm32f303xc.o [1]
  .text               ro code  0x08004ffc     0x4  startup_stm32f303xc.o [1]
  .text               ro code  0x08005000     0x4  startup_stm32f303xc.o [1]
  .text               ro code  0x08005004     0x4  startup_stm32f303xc.o [1]
  .text               ro code  0x08005008     0x4  startup_stm32f303xc.o [1]
  .text               ro code  0x0800500c     0x0  cstart_closeall.o [5]
  .rodata             const    0x0800500c     0x0  zero_init3.o [5]
  .rodata             const    0x0800500c     0x0  packbits_init_single.o [5]
  Initializer bytes   const    0x0800500c    0x9a  <for P2-1>
                             - 0x080050a6  0x4f1e

"P2", part 1 of 3:                          0x200
  P2-1                         0x20000000   0x200  <Init block>
    .data             inited   0x20000000    0x10  interpreter.o [1]
    .data             inited   0x20000010     0x4  system_stm32f3xx.o [1]
    .data             inited   0x20000014    0x40  xfiles.o [3]
    .data             inited   0x20000054    0x40  xfiles.o [3]
    .data             inited   0x20000094    0x40  xfiles.o [3]
    .data             inited   0x200000d4    0x20  xfiles.o [3]
    .data             inited   0x200000f4     0x8  XShttio.o [3]
    __DLIB_PERTHREAD  inited   0x200000fc     0x4  strtok.o [3]
    __DLIB_PERTHREAD  inited   0x20000100     0x4  errno.o [3]
    __DLIB_PERTHREAD  inited   0x20000104    0x74  setlocale.o [3]
    __DLIB_PERTHREAD  inited   0x20000178    0x88  localeconv.o [3]
                             - 0x20000200   0x200

"P2", part 2 of 3:                         0x4000
  CSTACK                       0x20000200  0x2000  <Block>
    CSTACK            uninit   0x20000200  0x2000  <Block tail>
  HEAP                         0x20002200  0x2000  <Block>
    HEAP              uninit   0x20002200  0x2000  <Block tail>
                             - 0x20004200  0x4000

"P2", part 3 of 3:                          0x30c
  .bss                zero     0x20004200    0xc8  interpreter.o [1]
  .bss                zero     0x200042c8    0x80  XShHandles.o [3]
  .bss                zero     0x20004348    0x70  usart.o [1]
  .bss                zero     0x200043b8    0x58  tim.o [1]
  .bss                zero     0x20004410    0x50  xfiles.o [3]
  .bss                zero     0x20004460    0x50  xfiles.o [3]
  .bss                zero     0x200044b0    0x3c  motor.o [1]
  .bss                zero     0x200044ec     0x8  interpreter.o [1]
  .bss                zero     0x200044f4     0x8  xxmemxmalloc.o [3]
  .bss                zero     0x200044fc     0x4  stm32f3xx_hal.o [1]
  .bss                zero     0x20004500     0x4  uart_handler.o [1]
  .bss                zero     0x20004504     0x4  xgetmemchunk.o [3]
  .bss                zero     0x20004508     0x1  uart_handler.o [1]
  .bss                zero     0x20004509     0x1  uart_handler.o [1]
                             - 0x2000450a   0x30a


*******************************************************************************
*** INIT TABLE
***

          Address     Size
          -------     ----
Zero (__iar_zero_init3)
    1 destination range, total size 0x30a:
          0x20004200  0x30a

Copy/packbits (__iar_packbits_init_single3)
    1 source range, total size 0x9a (30% of destination):
          0x0800500c   0x9a
    1 destination range, total size 0x200:
          0x20000000  0x200



*******************************************************************************
*** MODULE SUMMARY
***

    Module                   ro code  ro data  rw data
    ------                   -------  -------  -------
C:\Users\Arvid\Google Drive\Plugg\Inbyggda system\Lab_Turtle\Turtle\EWARM\Turtle\Obj: [1]
    gpio.o                       362
    init.o                       118
    interpreter.o                484       40      224
    main.o                       116
    motor.o                      374                60
    split.o                       70
    startup_stm32f303xc.o        696
    stm32f3xx_hal.o              116                 4
    stm32f3xx_hal_cortex.o       226
    stm32f3xx_hal_gpio.o         428
    stm32f3xx_hal_msp.o           48
    stm32f3xx_hal_rcc.o        1 380
    stm32f3xx_hal_rcc_ex.o       404
    stm32f3xx_hal_tim.o        1 204
    stm32f3xx_hal_tim_ex.o       566
    stm32f3xx_hal_uart.o       1 714
    stm32f3xx_hal_uart_ex.o        2
    stm32f3xx_it.o                36
    system_stm32f3xx.o           108        2        4
    tim.o                        228                88
    uart_handler.o               236                 6
    usart.o                      140               112
    --------------------------------------------------
    Total:                     9 056       42      498

command line: [2]
    --------------------------------------------------
    Total:

dl7M_tlf.a: [3]
    XShHandles.o                 224               128
    XShttio.o                      8        2        8
    div.o                         14
    errno.o                       12        1        4
    exit.o                         4
    fclose.o                     122
    fflush.o                     176
    fputc.o                       86
    fseek.o                       34
    isxxx.o                       20
    localeconv.o                 108       41      136
    low_level_init.o               4
    printf.o                      36
    putchar.o                     12
    realloc.o                    392
    setlocale.o                   36       35      116
    strcat.o                      28
    strcspn.o                     34
    strspn.o                      34
    strtok.o                      76        2        4
    tolower.o                     20
    xcloseall.o                   88
    xencoding_sb.o                96
    xfgpos.o                      10
    xfiles.o                               67      384
    xfofind.o                    124
    xfspos.o                     214
    xfwprep.o                    182
    xgetmemchunk.o                44                 4
    xlocale_c.o                   32
    xmbcurmax.o                   10
    xmbtowc.o                     32
    xprintffull.o              4 454
    xprout.o                      22
    xstoul.o                     408
    xsyslock_nop.o                 4
    xtls.o                         2
    xwctomb.o                     26
    xxmemxfree.o                 128
    xxmemxmalloc.o               176                 8
    --------------------------------------------------
    Total:                     7 532      148      792

m7M_tls.a: [4]
    DblAdd.o                     232
    DblCmpGe.o                    46
    DblCmpLe.o                    46
    DblDiv.o                     598
    DblMul.o                     418
    DblSub.o                     384
    DblToI32.o                    88
    I32ToDbl.o                    48
    fpinit_M.o                    34
    round.o                       76
    xdint.o                      122
    xdnorm.o                      66
    xdscale.o                    276
    --------------------------------------------------
    Total:                     2 434

rt7M_tl.a: [5]
    ABImemclr4.o                   6
    ABImemcpy_unaligned.o        118
    ABImemmove_unaligned.o       120
    ABImemset48.o                 50
    I64DivMod.o                  238
    I64DivZer.o                    2
    cexit.o                       14
    cmain.o                       26
    cstart_closeall.o
    cstartup_M.o                  12
    data_init.o                   40
    memchr.o                      88
    packbits_init_single.o        56
    strchr.o                      22
    strcmp_unaligned.o            66
    strlen.o                      54
    zero_init3.o                  64
    --------------------------------------------------
    Total:                       976

shb_l.a: [6]
    close.o                       26
    dwrite.o                      30
    exit.o                        20
    iarttio.o                    108
    iarwrite.o                    34
    iarwstd.o                     32
    lseek.o                       76
    remove.o                      22
    write.o                       16
    --------------------------------------------------
    Total:                       364

    Gaps                          60        2
    Linker created                         32   16 384
------------------------------------------------------
    Grand Total:              20 422      224   17 674


*******************************************************************************
*** ENTRY LIST
***

Entry                      Address   Size  Type      Object
-----                      -------   ----  ----      ------
.iar.init_table$$Base   0x08004e44          --   Gb  - Linker created -
.iar.init_table$$Limit  0x08004e64          --   Gb  - Linker created -
?main                   0x08004e65         Code  Gb  cmain.o [5]
Buffer                  0x20004509    0x1  Data  Gb  uart_handler.o [1]
CSTACK$$Base            0x20000200          --   Gb  - Linker created -
CSTACK$$Limit           0x20002200          --   Gb  - Linker created -
Error_Handler           0x08002857   0x16  Code  Lc  uart_handler.o [1]
HAL_Delay               0x08002e35   0x18  Code  Wk  stm32f3xx_hal.o [1]
HAL_GPIO_Init           0x08002e55  0x186  Code  Gb  stm32f3xx_hal_gpio.o [1]
HAL_GPIO_WritePin       0x08002fdb    0xa  Code  Gb  stm32f3xx_hal_gpio.o [1]
HAL_GetTick             0x08002e2f    0x6  Code  Wk  stm32f3xx_hal.o [1]
HAL_IncTick             0x08002e25    0xa  Code  Wk  stm32f3xx_hal.o [1]
HAL_Init                0x08002de1   0x20  Code  Gb  stm32f3xx_hal.o [1]
HAL_InitTick            0x08002e01   0x24  Code  Wk  stm32f3xx_hal.o [1]
HAL_MspInit             0x08003109   0x30  Code  Gb  stm32f3xx_hal_msp.o [1]
HAL_NVIC_EnableIRQ      0x0800306f    0xc  Code  Gb  stm32f3xx_hal_cortex.o [1]
HAL_NVIC_SetPriority    0x08003035   0x3a  Code  Gb  stm32f3xx_hal_cortex.o [1]
HAL_NVIC_SetPriorityGrouping
                        0x0800301b   0x1a  Code  Gb  stm32f3xx_hal_cortex.o [1]
HAL_RCCEx_PeriphCLKConfig
                        0x0800428d  0x186  Code  Gb  stm32f3xx_hal_rcc_ex.o [1]
HAL_RCC_ClockConfig     0x08002b81  0x14c  Code  Gb  stm32f3xx_hal_rcc.o [1]
HAL_RCC_GetHCLKFreq     0x08002d41   0x1e  Code  Gb  stm32f3xx_hal_rcc.o [1]
HAL_RCC_GetPCLK1Freq    0x08002d5f   0x10  Code  Gb  stm32f3xx_hal_rcc.o [1]
HAL_RCC_GetPCLK2Freq    0x08002d6f    0xe  Code  Gb  stm32f3xx_hal_rcc.o [1]
HAL_RCC_GetSysClockFreq
                        0x08002d07   0x3a  Code  Gb  stm32f3xx_hal_rcc.o [1]
HAL_RCC_OscConfig       0x0800287d  0x2d2  Code  Gb  stm32f3xx_hal_rcc.o [1]
HAL_SYSTICK_CLKSourceConfig
                        0x080030ab   0x14  Code  Gb  stm32f3xx_hal_cortex.o [1]
HAL_SYSTICK_Callback    0x080030e1    0x2  Code  Wk  stm32f3xx_hal_cortex.o [1]
HAL_SYSTICK_Config      0x08003083   0x28  Code  Gb  stm32f3xx_hal_cortex.o [1]
HAL_SYSTICK_IRQHandler  0x080030d9    0x8  Code  Gb  stm32f3xx_hal_cortex.o [1]
HAL_TIMEx_BreakCallback
                        0x0800383f    0x2  Code  Wk  stm32f3xx_hal_tim_ex.o [1]
HAL_TIMEx_CommutationCallback
                        0x0800383d    0x2  Code  Wk  stm32f3xx_hal_tim_ex.o [1]
HAL_TIMEx_MasterConfigSynchronization
                        0x080037f1   0x4c  Code  Gb  stm32f3xx_hal_tim_ex.o [1]
HAL_TIM_IC_CaptureCallback
                        0x0800336d    0x2  Code  Wk  stm32f3xx_hal_tim.o [1]
HAL_TIM_IRQHandler      0x0800321f  0x14a  Code  Gb  stm32f3xx_hal_tim.o [1]
HAL_TIM_OC_DelayElapsedCallback
                        0x0800336b    0x2  Code  Wk  stm32f3xx_hal_tim.o [1]
HAL_TIM_PWM_ConfigChannel
                        0x080036d1  0x108  Code  Gb  stm32f3xx_hal_tim_ex.o [1]
HAL_TIM_PWM_Init        0x0800314d   0x1a  Code  Gb  stm32f3xx_hal_tim.o [1]
HAL_TIM_PWM_MspInit     0x0800366b   0x52  Code  Gb  tim.o [1]
HAL_TIM_PWM_PulseFinishedCallback
                        0x0800336f    0x2  Code  Wk  stm32f3xx_hal_tim.o [1]
HAL_TIM_PWM_Start_IT    0x0800316f   0x2e  Code  Gb  stm32f3xx_hal_tim.o [1]
HAL_TIM_PeriodElapsedCallback
                        0x08003369    0x2  Code  Wk  stm32f3xx_hal_tim.o [1]
HAL_TIM_TriggerCallback
                        0x08003371    0x2  Code  Wk  stm32f3xx_hal_tim.o [1]
HAL_UARTEx_WakeupCallback
                        0x08002879    0x2  Code  Wk  stm32f3xx_hal_uart_ex.o [1]
HAL_UART_ErrorCallback  0x0800281d    0x8  Code  Gb  uart_handler.o [1]
HAL_UART_IRQHandler     0x080021a5   0xf6  Code  Gb  stm32f3xx_hal_uart.o [1]
HAL_UART_Init           0x0800204d   0x34  Code  Gb  stm32f3xx_hal_uart.o [1]
HAL_UART_MspInit        0x08002727   0x54  Code  Gb  usart.o [1]
HAL_UART_Receive_IT     0x08002119   0x86  Code  Gb  stm32f3xx_hal_uart.o [1]
HAL_UART_RxCpltCallback
                        0x080027f3   0x1e  Code  Gb  uart_handler.o [1]
HAL_UART_Transmit_IT    0x080020c9   0x50  Code  Gb  stm32f3xx_hal_uart.o [1]
HAL_UART_TxCpltCallback
                        0x08002839   0x16  Code  Gb  uart_handler.o [1]
HEAP$$Base              0x20002200          --   Gb  - Linker created -
HEAP$$Limit             0x20004200          --   Gb  - Linker created -
LoadInt                 0x080007d7   0x6e  Code  Lc  xprintffull.o [3]
MX_GPIO_Init            0x08004421  0x122  Code  Gb  gpio.o [1]
MX_TIM4_Init            0x08003613   0x58  Code  Gb  tim.o [1]
MX_USART3_UART_Init     0x08002701   0x26  Code  Gb  usart.o [1]
NVIC_SetPriority        0x08003001   0x1a  Code  Lc  stm32f3xx_hal_cortex.o [1]
Region$$Table$$Base     0x08004e44          --   Gb  - Linker created -
Region$$Table$$Limit    0x08004e64          --   Gb  - Linker created -
SysTick_Handler         0x08004dfd    0xe  Code  Gb  stm32f3xx_it.o [1]
SystemClock_Config      0x08004b33   0x76  Code  Gb  init.o [1]
SystemCoreClock         0x20000010    0x4  Data  Gb  system_stm32f3xx.o [1]
SystemInit              0x08004c1d   0x52  Code  Gb  system_stm32f3xx.o [1]
TIM4_IRQHandler         0x08004e0b    0x6  Code  Gb  stm32f3xx_it.o [1]
TIM_Base_SetConfig      0x08003373   0x88  Code  Gb  stm32f3xx_hal_tim.o [1]
TIM_CCxChannelCmd       0x080035d5   0x18  Code  Gb  stm32f3xx_hal_tim.o [1]
TIM_OC1_SetConfig       0x080033fb   0x7e  Code  Gb  stm32f3xx_hal_tim.o [1]
TIM_OC2_SetConfig       0x08003479   0x72  Code  Gb  stm32f3xx_hal_tim.o [1]
TIM_OC3_SetConfig       0x080034eb   0x68  Code  Gb  stm32f3xx_hal_tim.o [1]
TIM_OC4_SetConfig       0x08003553   0x4e  Code  Gb  stm32f3xx_hal_tim.o [1]
TIM_OC5_SetConfig       0x08003841   0x4c  Code  Lc  stm32f3xx_hal_tim_ex.o [1]
TIM_OC6_SetConfig       0x0800388d   0x4e  Code  Lc  stm32f3xx_hal_tim_ex.o [1]
UART_AdvFeatureConfig   0x0800244d   0xc6  Code  Gb  stm32f3xx_hal_uart.o [1]
UART_CheckIdleState     0x08002513   0x4a  Code  Gb  stm32f3xx_hal_uart.o [1]
UART_EndTransmit_IT     0x08002657   0x24  Code  Gb  stm32f3xx_hal_uart.o [1]
UART_Receive_IT         0x0800267b   0x84  Code  Gb  stm32f3xx_hal_uart.o [1]
UART_SetConfig          0x0800229d  0x18a  Code  Gb  stm32f3xx_hal_uart.o [1]
UART_Transmit_IT        0x080025f1   0x66  Code  Gb  stm32f3xx_hal_uart.o [1]
UART_WaitOnFlagUntilTimeout
                        0x0800255d   0x94  Code  Gb  stm32f3xx_hal_uart.o [1]
USART3_IRQHandler       0x08004e11    0x6  Code  Gb  stm32f3xx_it.o [1]
_Close_all              0x08004c89   0x58  Code  Gb  xcloseall.o [3]
_EncodingSb_Mbtowc      0x08001eeb   0x30  Code  Gb  xencoding_sb.o [3]
_EncodingSb_Wctomb      0x08001ed1   0x1a  Code  Gb  xencoding_sb.o [3]
_Files                  0x200000d4   0x20  Data  Gb  xfiles.o [3]
_Fofree                 0x08004a0d   0x78  Code  Gb  xfofind.o [3]
_Fspos                  0x0800466d   0xd6  Code  Gb  xfspos.o [3]
_Fwprep                 0x08004935   0xb6  Code  Gb  xfwprep.o [3]
_GenldFull              0x0800105b  0x24c  Code  Lc  xprintffull.o [3]
_IsdstStr               0x20000108    0x4  Data  Gb  setlocale.o [3]
_LdtobFull              0x08000c59  0x3fc  Code  Lc  xprintffull.o [3]
_LitobFull              0x08000b51  0x106  Code  Lc  xprintffull.o [3]
_LocaleC_isspace        0x0800426b   0x14  Code  Gb  xlocale_c.o [3]
_LocaleC_tolower        0x0800427f    0xc  Code  Gb  xlocale_c.o [3]
_LocaleEncoding         0x08001ebf    0xe  Code  Gb  setlocale.o [3]
_LocaleForCat           0x08001ead   0x12  Code  Gb  setlocale.o [3]
_LocaleReturnString     0x20000128   0x50  Data  Lc  setlocale.o [3]
_Locale_Profile         0x2000010c   0x1c  Data  Gb  setlocale.o [3]
_Locale_aeabi_lconv     0x200001c8   0x38  Data  Gb  localeconv.o [3]
_Locale_lconv           0x20000178   0x50  Data  Gb  localeconv.o [3]
_Mbtowc                 0x080012ef   0x20  Code  Gb  xmbtowc.o [3]
_Nnl                    0x080047f5    0xa  Code  Gb  xfgpos.o [3]
_PrintfFull             0x08000189  0x638  Code  Gb  xprintffull.o [3]
_Prout                  0x08004ead   0x16  Code  Gb  xprout.o [3]
_PutcharsFull           0x080012a7   0x2e  Code  Lc  xprintffull.o [3]
_PutstrFull             0x08000845  0x306  Code  Lc  xprintffull.o [3]
_Strtok_ssave           0x200000fc    0x4  Data  Lc  strtok.o [3]
_TzoneStr               0x20000104    0x4  Data  Gb  setlocale.o [3]
_Wctomb                 0x08001475   0x1a  Code  Gb  xwctomb.o [3]
__aeabi_cdcmple         0x080016b9         Code  Gb  DblCmpLe.o [4]
__aeabi_cdrcmple        0x080016e9         Code  Gb  DblCmpGe.o [4]
__aeabi_d2iz            0x0800182d         Code  Gb  DblToI32.o [4]
__aeabi_d2uiz           0x08001859         Code  Gb  DblToI32.o [4]
__aeabi_dadd            0x08001f61         Code  Gb  DblAdd.o [4]
__aeabi_ddiv            0x08001bd9         Code  Gb  DblDiv.o [4]
__aeabi_dmul            0x08001a35         Code  Gb  DblMul.o [4]
__aeabi_dsub            0x080018b5         Code  Gb  DblSub.o [4]
__aeabi_errno_addr      0x080040f5    0x6  Code  Gb  errno.o [3]
__aeabi_i2d             0x08001885         Code  Gb  I32ToDbl.o [4]
__aeabi_ldiv0           0x08001f5d         Code  Gb  I64DivZer.o [5]
__aeabi_memclr4         0x08003e89         Code  Gb  ABImemclr4.o [5]
__aeabi_ui2d            0x08001899         Code  Gb  I32ToDbl.o [4]
__aeabi_uldivmod        0x08001589         Code  Gb  I64DivMod.o [5]
__cexit_closeall        0x08004e8b         Code  Gb  cexit.o [5]
__close                 0x08004b03   0x1a  Code  Gb  close.o [6]
__cmain                 0x08004e65         Code  Gb  cmain.o [5]
__cstart_closeall       0x0800500c         Data  Gb  cstart_closeall.o [5]
__data_Aldata           0x200044f4    0x8  Data  Gb  xxmemxmalloc.o [3]
__data_GetMemChunk      0x08001f31   0x2c  Code  Gb  xgetmemchunk.o [3]
__data_myrealloc        0x08003ed3   0xd0  Code  Lc  realloc.o [3]
__dwrite                0x0800485f   0x1e  Code  Gb  dwrite.o [6]
__exit                  0x08004e99   0x14  Code  Gb  exit.o [6]
__iar_Dint              0x080041f1   0x7a  Code  Gb  xdint.o [4]
__iar_Dnorm             0x08001677   0x42  Code  Gb  xdnorm.o [4]
__iar_Dscale            0x08001719  0x114  Code  Gb  xdscale.o [4]
__iar_Errno             0x20000100    0x4  Data  Gb  errno.o [3]
__iar_Locale_lconv_init
                        0x08001e31   0x3a  Code  Gb  localeconv.o [3]
__iar_Lockfilelock      0x0800484b    0x2  Code  Gb  xsyslock_nop.o [3]
__iar_Mbcurmax          0x080013b9    0xa  Code  Gb  xmbcurmax.o [3]
__iar_Memchr            0x08001361         Code  Gb  memchr.o [5]
__iar_Memset4_word      0x08004101         Code  Gb  ABImemset48.o [5]
__iar_Memset8_word      0x08004101         Code  Gb  ABImemset48.o [5]
__iar_Stderr            0x20000094   0x40  Data  Gb  xfiles.o [3]
__iar_Stdin             0x20000014   0x40  Data  Gb  xfiles.o [3]
__iar_Stdout            0x20000054   0x40  Data  Gb  xfiles.o [3]
__iar_Stoul             0x08003e35    0x4  Code  Gb  xstoul.o [3]
__iar_Stoulx            0x08003cf1  0x13e  Code  Gb  xstoul.o [3]
__iar_Strchr            0x08001311         Code  Gb  strchr.o [5]
__iar_Unlockfilelock    0x0800484d    0x2  Code  Gb  xsyslock_nop.o [3]
__iar_close_ttio        0x080048c1   0x2e  Code  Gb  iarttio.o [6]
__iar_d2uiz             0x08001865         Code  Gb  DblToI32.o [4]
__iar_dadd              0x08001f75         Code  Gb  DblAdd.o [4]
__iar_data_init3        0x08004db1   0x28  Code  Gb  data_init.o [5]
__iar_dlib_perthread_access
                        0x08002049    0x2  Code  Gb  xtls.o [3]
__iar_dsub              0x080018c9         Code  Gb  DblSub.o [4]
__iar_dsubStart         0x080018db         Code  Gb  DblSub.o [4]
__iar_get_ttio          0x080048f1   0x38  Code  Gb  iarttio.o [6]
__iar_init_vfp          0x08004e21         Code  Gb  fpinit_M.o [4]
__iar_lookup_ttioh      0x0800492d    0x8  Code  Gb  XShttio.o [3]
__iar_packbits_init_single3
                        0x08004d77   0x38  Code  Gb  packbits_init_single.o [5]
__iar_program_start     0x08004ee1         Code  Gb  cstartup_M.o [5]
__iar_sh_Discard        0x0800458d   0x44  Code  Gb  XShHandles.o [3]
__iar_sh_Move           0x080045d7   0x4c  Code  Gb  XShHandles.o [3]
__iar_sh_Pos            0x08004623   0x44  Code  Gb  XShHandles.o [3]
__iar_sh_stdout         0x0800487d   0x20  Code  Gb  iarwstd.o [6]
__iar_sh_write          0x0800489d   0x22  Code  Gb  iarwrite.o [6]
__iar_ttio_handles      0x200000f4    0x8  Data  Lc  XShttio.o [3]
__iar_ui2d              0x0800189d         Code  Gb  I32ToDbl.o [4]
__iar_unaligned___aeabi_memcpy
                        0x08001491         Code  Gb  ABImemcpy_unaligned.o [5]
__iar_unaligned___aeabi_memcpy4
                        0x080014b1         Code  Gb  ABImemcpy_unaligned.o [5]
__iar_unaligned___aeabi_memcpy8
                        0x080014b1         Code  Gb  ABImemcpy_unaligned.o [5]
__iar_unaligned___aeabi_memmove
                        0x08004135         Code  Gb  ABImemmove_unaligned.o [5]
__iar_unaligned___aeabi_memmove4
                        0x08004135         Code  Gb  ABImemmove_unaligned.o [5]
__iar_unaligned___aeabi_memmove8
                        0x08004135         Code  Gb  ABImemmove_unaligned.o [5]
__iar_unaligned_strcmp  0x08003b35         Code  Gb  strcmp_unaligned.o [5]
__iar_vfp_round         0x08004081   0x42  Code  Gb  round.o [4]
__iar_zero_init3        0x08004d37   0x40  Code  Gb  zero_init3.o [5]
__low_level_init        0x08004e7f    0x4  Code  Gb  low_level_init.o [3]
__lseek                 0x080047ff   0x4c  Code  Gb  lseek.o [6]
__vector_table          0x08000000         Data  Gb  startup_stm32f303xc.o [1]
__write                 0x0800484f   0x10  Code  Gb  write.o [6]
_call_main              0x08004e71         Code  Gb  cmain.o [5]
_exit                   0x08004e89         Code  Gb  cexit.o [5]
_main                   0x08004e7b         Code  Gb  cmain.o [5]
aAPBAHBPrescTable       0x08002db0   0x10  Data  Gb  stm32f3xx_hal_rcc.o [1]
aPLLMULFactorTable      0x08002dc0   0x10  Data  Gb  stm32f3xx_hal_rcc.o [1]
aPredivFactorTable      0x08002dd0   0x10  Data  Gb  stm32f3xx_hal_rcc.o [1]
activateRxIntr          0x08002793   0x30  Code  Gb  uart_handler.o [1]
command                 0x20004200   0xc8  Data  Gb  interpreter.o [1]
commandLength           0x200044f0    0x4  Data  Gb  interpreter.o [1]
commands                0x20000000   0x10  Data  Gb  interpreter.o [1]
dCard                   0x200044b0   0x38  Data  Gb  motor.o [1]
digits                  0x08003e38   0x28  Data  Lc  xstoul.o [3]
div                     0x08001e9d    0xe  Code  Gb  div.o [3]
ebuf                    0x20004410   0x50  Data  Lc  xfiles.o [3]
exit                    0x08004e83    0x4  Code  Gb  exit.o [3]
fclose                  0x08004a89   0x7a  Code  Gb  fclose.o [3]
fflush                  0x080047bb   0x34  Code  Gb  fflush.o [3]
fflushOne               0x08004745   0x76  Code  Lc  fflush.o [3]
forward_temp            0x200044e8    0x2  Data  Gb  motor.o [1]
fputc                   0x08004ce1   0x56  Code  Gb  fputc.o [3]
free                    0x08001509   0x7a  Code  Gb  xxmemxfree.o [3]
fseek                   0x080049eb   0x22  Code  Gb  fseek.o [3]
htim4                   0x200043b8   0x3c  Data  Gb  tim.o [1]
huart3                  0x20004348   0x70  Data  Gb  usart.o [1]
initInterp              0x08003909    0x6  Code  Gb  interpreter.o [1]
initUart                0x0800278d    0x6  Code  Gb  uart_handler.o [1]
interpret_command       0x080039bd   0x62  Code  Gb  interpreter.o [1]
interpreter             0x20004500    0x4  Data  Gb  uart_handler.o [1]
isspace                 0x080040cd   0x14  Code  Gb  isxxx.o [3]
localeconv              0x08001e6b   0x16  Code  Gb  localeconv.o [3]
main                    0x08004ba9   0x46  Code  Gb  main.o [1]
malloc                  0x080013c5   0xac  Code  Gb  xxmemxmalloc.o [3]
memchr                  0x08001361         Code  Gb  memchr.o [5]
motorInit               0x08003b79   0x56  Code  Gb  motor.o [1]
ndigs                   0x08003e60   0x28  Data  Lc  xstoul.o [3]
obuf                    0x20004460   0x50  Data  Lc  xfiles.o [3]
penPulse                0x080035ed   0x26  Code  Gb  tim.o [1]
printf                  0x080030e5   0x24  Code  Gb  printf.o [3]
processCommand          0x08003911   0xa0  Code  Gb  interpreter.o [1]
putchar                 0x08004ec5    0xc  Code  Gb  putchar.o [3]
realloc                 0x08003fa9   0x86  Code  Gb  realloc.o [3]
remove                  0x08004b1d   0x16  Code  Gb  remove.o [6]
resetCommand            0x08003a1f   0x16  Code  Gb  interpreter.o [1]
resetRxPointer          0x08002811    0xc  Code  Gb  uart_handler.o [1]
rotate                  0x08003bcf   0x44  Code  Gb  motor.o [1]
rotate_temp             0x200044ea    0x2  Data  Gb  motor.o [1]
sConfigOC               0x200043f4   0x1c  Data  Gb  tim.o [1]
sFileInfo               0x200042c8   0x80  Data  Lc  XShHandles.o [3]
send                    0x200044ec    0x4  Data  Gb  interpreter.o [1]
sending                 0x20004508    0x1  Data  Gb  uart_handler.o [1]
split                   0x08003aed   0x46  Code  Gb  split.o [1]
stepMotors              0x08003c63   0x58  Code  Gb  motor.o [1]
straight                0x08003c1d   0x42  Code  Gb  motor.o [1]
strcat                  0x08003e8f   0x1c  Code  Gb  strcat.o [3]
strchr                  0x08001311         Code  Gb  strchr.o [5]
strcspn                 0x080041cf   0x22  Code  Gb  strcspn.o [3]
strlen                  0x08001329         Code  Gb  strlen.o [5]
strspn                  0x080041ad   0x22  Code  Gb  strspn.o [3]
strtok                  0x08004035   0x4c  Code  Gb  strtok.o [3]
tolower                 0x080040e1   0x14  Code  Gb  tolower.o [3]
trim                    0x08003ead   0x26  Code  Lc  realloc.o [3]
uartSend                0x080027c3   0x26  Code  Gb  uart_handler.o [1]
uwTick                  0x200044fc    0x4  Data  Lc  stm32f3xx_hal.o [1]


[1] = C:\Users\Arvid\Google Drive\Plugg\Inbyggda system\Lab_Turtle\Turtle\EWARM\Turtle\Obj
[2] = command line
[3] = dl7M_tlf.a
[4] = m7M_tls.a
[5] = rt7M_tl.a
[6] = shb_l.a

  20 422 bytes of readonly  code memory
     224 bytes of readonly  data memory
  17 674 bytes of readwrite data memory

Errors: none
Warnings: none
